I'm sorry, but errors were detected in your script. Please correct the
errors listed below, and try again.


File "game/chapter8.rpy", line 171: Tab characters are not allowed in Ren'Py scripts.

Ren'Py Version: Ren'Py 7.6.3.23091805
Sun Dec  3 16:02:09 2023
